// Jest Snapshot v1, https://goo.gl/fbAQLP

exports[`Renders children 1`] = `
<div
  className="layout"
>
  <div>
    Test
  </div>
</div>
`;

exports[`renders without crashing 1`] = `
<div
  className="layout"
>
  <div>
    Test
  </div>
</div>
`;
